/data/users/21799506/Data/DCASE2017_Data/feat/a001.wav.mat
/data/users/21799506/Data/DCASE2017_Data/feat/a003.wav.mat
/data/users/21799506/Data/DCASE2017_Data/feat/a008.wav.mat
/data/users/21799506/Data/DCASE2017_Data/feat/a010.wav.mat
/data/users/21799506/Data/DCASE2017_Data/feat/a012.wav.mat
/data/users/21799506/Data/DCASE2017_Data/feat/a013.wav.mat
/data/users/21799506/Data/DCASE2017_Data/feat/a124.wav.mat
/data/users/21799506/Data/DCASE2017_Data/feat/a127.wav.mat
/data/users/21799506/Data/DCASE2017_Data/feat/a128.wav.mat
/data/users/21799506/Data/DCASE2017_Data/feat/a129.wav.mat
/data/users/21799506/Data/DCASE2017_Data/feat/a131.wav.mat
/data/users/21799506/Data/DCASE2017_Data/feat/b003.wav.mat
/data/users/21799506/Data/DCASE2017_Data/feat/b005.wav.mat
/data/users/21799506/Data/DCASE2017_Data/feat/b006.wav.mat
/data/users/21799506/Data/DCASE2017_Data/feat/b007.wav.mat
/data/users/21799506/Data/DCASE2017_Data/feat/b008.wav.mat
/data/users/21799506/Data/DCASE2017_Data/feat/b009.wav.mat
/data/users/21799506/Data/DCASE2017_Data/feat/b091.wav.mat
/data/users/21799506/Data/DCASE2017_Data/feat/b093.wav.mat
/data/users/21799506/Data/DCASE2017_Data/feat/b094.wav.mat
/data/users/21799506/Data/DCASE2017_Data/feat/b095.wav.mat
/data/users/21799506/Data/DCASE2017_Data/feat/b098.wav.mat
/data/users/21799506/Data/DCASE2017_Data/feat/b099.wav.mat
/data/users/21799506/Data/DCASE2017_Data/feat/b100.wav.mat
